2026-06-13 00:32:06 ERROR No URLs found in file
2026-06-13 00:36:20 ERROR [1/123] Processing error: Chrome not found! Install it first!
Traceback (most recent call last):
  File "/mnt/f/01_ggmap/python_place_reviews_job/batch_scrape_from_file.py", line 64, in process_url
    place_data = scrape_place(
  File "/mnt/f/01_ggmap/python_place_reviews_job/run_job.py", line 1393, in scrape_place
    driver = setup_driver(headless)
  File "/mnt/f/01_ggmap/python_place_reviews_job/run_job.py", line 347, in setup_driver
    driver = Driver(
  File "/usr/local/lib/python3.10/dist-packages/seleniumbase/plugins/driver_manager.py", line 958, in Driver
    driver = browser_launcher.get_driver(
  File "/usr/local/lib/python3.10/dist-packages/seleniumbase/core/browser_launcher.py", line 3558, in get_driver
    return get_local_driver(
  File "/usr/local/lib/python3.10/dist-packages/seleniumbase/core/browser_launcher.py", line 5644, in get_local_driver
    driver = undetected.Chrome(
  File "/usr/local/lib/python3.10/dist-packages/seleniumbase/undetected/__init__.py", line 234, in __init__
    raise Exception("Chrome not found! Install it first!")
Exception: Chrome not found! Install it first!
2026-06-13 00:41:37 ERROR [1/123] Processing error: Chrome not found! Install it first!
Traceback (most recent call last):
  File "/mnt/f/01_ggmap/python_place_reviews_job/batch_scrape_from_file.py", line 64, in process_url
    place_data = scrape_place(
  File "/mnt/f/01_ggmap/python_place_reviews_job/run_job.py", line 1393, in scrape_place
    driver = setup_driver(headless)
  File "/mnt/f/01_ggmap/python_place_reviews_job/run_job.py", line 347, in setup_driver
    driver = Driver(
  File "/usr/local/lib/python3.10/dist-packages/seleniumbase/plugins/driver_manager.py", line 958, in Driver
    driver = browser_launcher.get_driver(
  File "/usr/local/lib/python3.10/dist-packages/seleniumbase/core/browser_launcher.py", line 3558, in get_driver
    return get_local_driver(
  File "/usr/local/lib/python3.10/dist-packages/seleniumbase/core/browser_launcher.py", line 5644, in get_local_driver
    driver = undetected.Chrome(
  File "/usr/local/lib/python3.10/dist-packages/seleniumbase/undetected/__init__.py", line 234, in __init__
    raise Exception("Chrome not found! Install it first!")
Exception: Chrome not found! Install it first!
2026-06-13 00:48:38 WARNING Scroll stuck at 15066px (stuck_count: 1)
2026-06-13 00:48:49 WARNING Scroll stuck at 15066px (stuck_count: 2)
2026-06-13 00:48:59 WARNING Scroll stuck at 15066px (stuck_count: 3)
